MyLang REPL. :quit (or Ctrl-D) to exit, :help for help.
>> No help for 'v1'. Try :help, :help builtins, :help language, or :help commands
>> .. .. .. Invalid token: 2_ at line 4, col 10:12

    var v1 = 2_;
             ^^
>> Invalid token: 0x at line 5, col 9:11

    var a = 0x;
            ^^
>> SyntaxError at line 1, col 6

    i = -9223372036854775808;
         ^^^^^^^^^^^^^^^^^^^^
Integer literal out of range
>> Invalid token: 0x at line 6, col 10:12

    var v1 = 0x;
             ^^
>> 