MyLang REPL. :quit (or Ctrl-D) to exit, :help for help.
>> usage: :undef <name>
>> TypeErrorEx: The object does NOT support subscript operator [] at line 1, col 1:13

    len[{"k":1}];
    ^^^^^^^^^^^^
>> Failed to open file '/nonexistent'
>> Unknown command ':' (try :help)
>> Block(
  VarDecl(
    Id("v1")
    Op '='
    Int(-9223372036854775808)
  )
)
>> 