MyLang REPL. :quit (or Ctrl-D) to exit, :help for help.
>> [] + []
>> => "%s%d"
>> => [
     [
       [
         [
           [
             [
               [
                 [
                   [
                     [
                       [
                         [
                           [
                             [
                               [
                                 [
                                   [
                                     [
                                       [
                                         [
                                           [
                                             [
                                               [
                                                 [
                                                   [
                                                     [
                                                       [
                                                         [
                                                           [
                                                             [
                                                               [
                                                                 [
                                                                   [
                                                                     [
                                                                       [
                                                                         [
                                                                           [
                                                                             [
                                                                               [
                                                                                 []
                                                                               ]
                                                                             ]
                                                                           ]
                                                                         ]
                                                                       ]
                                                                     ]
                                                                   ]
                                                                 ]
                                                               ]
                                                             ]
                                                           ]
                                                         ]
                                                       ]
                                                     ]
                                                   ]
                                                 ]
                                               ]
                                             ]
                                           ]
                                         ]
                                       ]
                                     ]
                                   ]
                                 ]
                               ]
                             ]
                           ]
                         ]
                       ]
                     ]
                   ]
                 ]
               ]
             ]
           ]
         ]
       ]
     ]
   ]
>> SyntaxError at line 3, col 1

    break;
    ^^^^^^
'break' and 'continue' are only allowed in a loop
>> >> 