MyLang REPL. :quit (or Ctrl-D) to exit, :help for help.
>> Undefined variable 'a'
>> a = 0;
>> SyntaxError at line 1, col 1

    rethrow;
    ^^^^^^^^
'rethrow' is only allowed inside a catch block
>> => ""
>> Undefined variable 'i' at line 3, col 1:3

    i.i;
    ^^
>> .. .. SyntaxError at line 5, col 1

    :quit;
    ^^^^^^
Expected operator '}', got: ':'
>> 